<?xml version="1.0" encoding="UTF-8"?>
<testsuites name="jest tests" tests="4" failures="0" errors="0" time="1.601">
  <testsuite name="Event Dispatch" errors="0" failures="0" skipped="0" timestamp="2023-05-09T00:58:47" time="1.536" tests="4">
    <testcase classname="Event Dispatch should be able register a dispatch handler" name="Event Dispatch should be able register a dispatch handler" time="0.002">
    </testcase>
    <testcase classname="Event Dispatch should be able unregister an event handler" name="Event Dispatch should be able unregister an event handler" time="0.001">
    </testcase>
    <testcase classname="Event Dispatch should be able unregister all event handlers" name="Event Dispatch should be able unregister all event handlers" time="0.001">
    </testcase>
    <testcase classname="Event Dispatch should be able notify all event handlers" name="Event Dispatch should be able notify all event handlers" time="0.017">
    </testcase>
  </testsuite>
</testsuites>